// Jest Snapshot v1, https://goo.gl/fbAQLP

exports[`Footer renders correctly 1`] = `
<Component
  store={
    Object {
      "data": Object {
        "organization": Object {
          "diagnosisText": "",
          "enableExposureText": "",
          "exposureAboutText": "",
          "exposureDetailsLearnText": "",
          "exposureDetailsText": "",
          "exposureInfoText": "",
          "exposureText": "",
          "id": "",
          "logoBlob": null,
          "members": Array [],
          "membersPage": 1,
          "name": "",
          "notifyingOthersText": "",
          "recommendExposureText": "",
          "verificationAdministrationDateText": "",
          "verificationIdentifierAboutText": "",
          "verificationIdentifierText": "",
          "verificationNotSharedText": "",
          "verificationReviewText": "",
          "verificationSharedText": "",
          "verificationStartText": "",
          "welcomeText": "",
        },
        "user": Object {
          "disabled": false,
          "email": "",
          "firstName": "",
          "imageBlob": null,
          "isAdmin": false,
          "isFirstTimeUser": true,
          "isSignedIn": false,
          "lastName": "",
          "organizationID": "",
          "passwordResetCompletedInCurrentSession": false,
          "passwordResetRequested": false,
          "prefix": "",
          "signedInWithEmailLink": false,
        },
      },
    }
  }
>
  <Memo(wrappedComponent)
    store={
      Object {
        "data": Object {
          "organization": Object {
            "diagnosisText": "",
            "enableExposureText": "",
            "exposureAboutText": "",
            "exposureDetailsLearnText": "",
            "exposureDetailsText": "",
            "exposureInfoText": "",
            "exposureText": "",
            "id": "",
            "logoBlob": null,
            "members": Array [],
            "membersPage": 1,
            "name": "",
            "notifyingOthersText": "",
            "recommendExposureText": "",
            "verificationAdministrationDateText": "",
            "verificationIdentifierAboutText": "",
            "verificationIdentifierText": "",
            "verificationNotSharedText": "",
            "verificationReviewText": "",
            "verificationSharedText": "",
            "verificationStartText": "",
            "welcomeText": "",
          },
          "user": Object {
            "disabled": false,
            "email": "",
            "firstName": "",
            "imageBlob": null,
            "isAdmin": false,
            "isFirstTimeUser": true,
            "isSignedIn": false,
            "lastName": "",
            "organizationID": "",
            "passwordResetCompletedInCurrentSession": false,
            "passwordResetRequested": false,
            "prefix": "",
            "signedInWithEmailLink": false,
          },
        },
      }
    }
  >
    <div
      id="footer"
    >
      <div
        className="footerContainer"
      >
        <div
          id="footer-img"
        >
          <img
            src={
              Object {
                "getCacheKey": [Function],
                "process": [Function],
              }
            }
          />
        </div>
        <div
          className="xs-text"
          id="footer-text"
        >
          <p
            id="copyright"
          >
            Â© 2020 Covid Watch. All rights reserved.
          </p>
          <a
            href="https://drive.google.com/file/d/1vSPtUEjSYQ0jWxYHlP8OzTzCAWgT9B0E/view?usp=sharing"
            rel="noreferrer"
            target="_blank"
          >
            Privacy Policy
          </a>
          <a
            href="https://covidwatch.zendesk.com/hc/en-us"
            rel="noreferrer"
            target="_blank"
          >
            Support
          </a>
        </div>
      </div>
    </div>
  </Memo(wrappedComponent)>
</Component>
`;
